 gdb a.out
GNU gdb (Ubuntu 8.1.1-0ubuntu1) 8.1.1
Copyright (C) 2018 Free Software Foundation, Inc.
License GPLv3+: GNU GPL version 3 or later <http://gnu.org/licenses/gpl.html>
This is free software: you are free to change and redistribute it.
There is NO WARRANTY, to the extent permitted by law.  Type "show copying"
and "show warranty" for details.
This GDB was configured as "x86_64-linux-gnu".
Type "show configuration" for configuration details.
For bug reporting instructions, please see:
<http://www.gnu.org/software/gdb/bugs/>.
Find the GDB manual and other documentation resources online at:
<http://www.gnu.org/software/gdb/documentation/>.
For help, type "help".
Type "apropos word" to search for commands related to "word"...
Reading symbols from a.out...done.
(gdb) b main
Breakpoint 1 at 0x837: file p10original.c, line 26.
(gdb) r
Starting program: /home/runner/pps-test1-sanjanaraghupathi-2/a.out 
warning: Error disabling address space randomization: Operation not permitted

Breakpoint 1, main () at p10original.c:26
26    printf("enter the first complex number a+bi in the form 'a b'\n");
(gdb) n
enter the first complex number a+bi in the form 'a b'
27    a=input_chellox();
(gdb) n
5+7i
 
 gcc -g p10original.c
 ./a.out
enter the first complex number a+bi in the form 'a b'
4+1i
enter the first complex number a+bi in the form 'a b'
(4 + 1i)+(-1615867456 + 32764i) is (-1615867452 + 32765i)
 
 
 gdb a.out
GNU gdb (Ubuntu 8.1.1-0ubuntu1) 8.1.1
Copyright (C) 2018 Free Software Foundation, Inc.
License GPLv3+: GNU GPL version 3 or later <http://gnu.org/licenses/gpl.html>
This is free software: you are free to change and redistribute it.
There is NO WARRANTY, to the extent permitted by law.  Type "show copying"
and "show warranty" for details.
This GDB was configured as "x86_64-linux-gnu".
Type "show configuration" for configuration details.
For bug reporting instructions, please see:
<http://www.gnu.org/software/gdb/bugs/>.
Find the GDB manual and other documentation resources online at:
<http://www.gnu.org/software/gdb/documentation/>.
For help, type "help".
Type "apropos word" to search for commands related to "word"...
Reading symbols from a.out...done.
(gdb) b main
 
 gcc -g p11original.c
 ./a.out
enter the number of complex numbers
9+7i
enter the 9 complex number(a+ib)in the form (a b)
7+0
+7+0i
+7+0i
+7+0i
+7+0i
+7+0i
+7+0i
+7+0i
+7+0i
=63+0i
 gdb a.out
GNU gdb (Ubuntu 8.1.1-0ubuntu1) 8.1.1
Copyright (C) 2018 Free Software Foundation, Inc.
License GPLv3+: GNU GPL version 3 or later <http://gnu.org/licenses/gpl.html>
This is free software: you are free to change and redistribute it.
There is NO WARRANTY, to the extent permitted by law.  Type "show copying"
and "show warranty" for details.
This GDB was configured as "x86_64-linux-gnu".
Type "show configuration" for configuration details.
For bug reporting instructions, please see:
<http://www.gnu.org/software/gdb/bugs/>.
Find the GDB manual and other documentation resources online at:
<http://www.gnu.org/software/gdb/documentation/>.
For help, type "help".
Type "apropos word" to search for commands related to "word"...
Reading symbols from a.out...done.
(gdb) b main
Breakpoint 1 at 0x978: file p11original.c, line 47.
(gdb) r
Starting program: /home/runner/pps-test1-sanjanaraghupathi-2/a.out 
warning: Error disabling address space randomization: Operation not permitted

Breakpoint 1, main () at p11original.c:47
47  {
(gdb) n
50    printf("enter the number of complex numbers\n");
(gdb) n
enter the number of complex numbers
51    n=get_n();
(gdb) n
6+8i
52    struct complex c[n];
(gdb) n
53    printf("enter the %d complex number(a+ib)in the form (a b)\n",n);
(gdb) n
enter the 6 complex number(a+ib)in the form (a b)
54    input_n_complex(n,c);
(gdb) n
55    sum=add_n_complex(n,c);
(gdb) n
56    output(n,c,sum);
(gdb) n
8+21940
+8+21940i
+8+21940i
+8+21940i
+8+21940i
+8+21940i
=48+131640i
57    return 0;
(gdb) n
59  }
