 gdb a.out
GNU gdb (Ubuntu 8.1.1-0ubuntu1) 8.1.1
Copyright (C) 2018 Free Software Foundation, Inc.
License GPLv3+: GNU GPL version 3 or later <http://gnu.org/licenses/gpl.html>
This is free software: you are free to change and redistribute it.
There is NO WARRANTY, to the extent permitted by law.  Type "show copying"
and "show warranty" for details.
This GDB was configured as "x86_64-linux-gnu".
Type "show configuration" for configuration details.
For bug reporting instructions, please see:
<http://www.gnu.org/software/gdb/bugs/>.
Find the GDB manual and other documentation resources online at:
<http://www.gnu.org/software/gdb/documentation/>.
For help, type "help".
Type "apropos word" to search for commands related to "word"...
Reading symbols from a.out...done.
(gdb) b main
Breakpoint 1 at 0x81c: file p3final.c, line 17.
(gdb) r
Starting program: /home/runner/pps-test1-sanjanaraghupathi-2/a.out 
warning: Error disabling address space randomization: Operation not permitted

Breakpoint 1, main () at p3final.c:17
17  int main(){
(gdb) s
19    input(&a,&b);
 
 
 gcc -g p2final.c;./a.out
Enter a number
5
Enter a number
7
the sum of 5 and 7 is 12 
 gdb a.out
GNU gdb (Ubuntu 8.1.1-0ubuntu1) 8.1.1
Copyright (C) 2018 Free Software Foundation, Inc.
License GPLv3+: GNU GPL version 3 or later <http://gnu.org/licenses/gpl.html>
This is free software: you are free to change and redistribute it.
There is NO WARRANTY, to the extent permitted by law.  Type "show copying"
and "show warranty" for details.
This GDB was configured as "x86_64-linux-gnu".
Type "show configuration" for configuration details.
For bug reporting instructions, please see:
<http://www.gnu.org/software/gdb/bugs/>.
Find the GDB manual and other documentation resources online at:
<http://www.gnu.org/software/gdb/documentation/>.
For help, type "help".
Type "apropos word" to search for commands related to "word"...
Reading symbols from a.out...done.
(gdb) b main
Breakpoint 1 at 0x7c5: file p2final.c, line 27.
(gdb) r
Starting program: /home/runner/pps-test1-sanjanaraghupathi-2/a.out 
warning: Error disabling address space randomization: Operation not permitted

Breakpoint 1, main () at p2final.c:27
27    x=input();
(gdb) s
 
 gdb a.out
GNU gdb (Ubuntu 8.1.1-0ubuntu1) 8.1.1
Copyright (C) 2018 Free Software Foundation, Inc.
License GPLv3+: GNU GPL version 3 or later <http://gnu.org/licenses/gpl.html>
This is free software: you are free to change and redistribute it.
There is NO WARRANTY, to the extent permitted by law.  Type "show copying"
and "show warranty" for details.
This GDB was configured as "x86_64-linux-gnu".
Type "show configuration" for configuration details.
For bug reporting instructions, please see:
<http://www.gnu.org/software/gdb/bugs/>.
Find the GDB manual and other documentation resources online at:
<http://www.gnu.org/software/gdb/documentation/>.
For help, type "help".
Type "apropos word" to search for commands related to "word"...
Reading symbols from a.out...done.
(gdb) b main
Breakpoint 1 at 0x7c5: file p2final.c, line 27.
(gdb) r
Starting program: /home/runner/pps-test1-sanjanaraghupathi-2/a.out 
warning: Error disabling address space randomization: Operation not permitted

Breakpoint 1, main () at p2final.c:27
27    x=input();
(gdb) s
input () at p2final.c:4
4   {
(gdb) n
6     printf("Enter a number");
(gdb) n
7     scanf("%d",&a);
(gdb) n
Enter a number
5
8     return a;
(gdb) p a
$1 = 5
(gdb) n
9   }
(gdb) n
main () at p2final.c:28
28    y=input();
(gdb) s
input () at p2final.c:4
4   {
(gdb) n
6     printf("Enter a number");
(gdb) n
7     scanf("%d",&a);
(gdb) n
Enter a number
7
8     return a;
(gdb) n
9   }
(gdb) q
A debugging session is active.

    Inferior 1 [process 228] will be killed.

Quit anyway? (y or n) y
 