 gdb a.out
GNU gdb (Ubuntu 8.1.1-0ubuntu1) 8.1.1
Copyright (C) 2018 Free Software Foundation, Inc.
License GPLv3+: GNU GPL version 3 or later <http://gnu.org/licenses/gpl.html>
This is free software: you are free to change and redistribute it.
There is NO WARRANTY, to the extent permitted by law.  Type "show copying"
and "show warranty" for details.
This GDB was configured as "x86_64-linux-gnu".
Type "show configuration" for configuration details.
 
 gcc -g p4original.c
 ./a.out
enter the three numbers
5
6
7
7 is the largest of the three
 
 gdb a.out
GNU gdb (Ubuntu 8.1.1-0ubuntu1) 8.1.1
Copyright (C) 2018 Free Software Foundation, Inc.
License GPLv3+: GNU GPL version 3 or later <http://gnu.org/licenses/gpl.html>
This is free software: you are free to change and redistribute it.
There is NO WARRANTY, to the extent permitted by law.  Type "show copying"
and "show warranty" for details.
This GDB was configured as "x86_64-linux-gnu".
Type "show configuration" for configuration details.
For bug reporting instructions, please see:
<http://www.gnu.org/software/gdb/bugs/>.
Find the GDB manual and other documentation resources online at:
<http://www.gnu.org/software/gdb/documentation/>.
For help, type "help".
Type "apropos word" to search for commands related to "word"...
Reading symbols from a.out...done.
(gdb) b main
Breakpoint 1 at 0x7f3: file p4original.c, line 35.
(gdb) r
Starting program: /home/runner/pps-test1-sanjanaraghupathi-2/a.out 
warning: Error disabling address space randomization: Operation not permitted

Breakpoint 1, main () at p4original.c:35
35    printf("enter the three numbers\n");
(gdb) n
enter the three numbers
36    a=input();
(gdb) n
5
37    b=input();
(gdb) n
6
38    c=input();
(gdb) n
7
39    large=cmp(a,b,c);
(gdb) n
40    printf("%d is the largest of the three\n",large);
(gdb) n
7 is the largest of the three
41  }(gdb) 
__libc_start_main (main=0x558bdcc007eb <main>, argc=1, argv=0x7fffc9d48838, 
    init=<optimized out>, fini=<optimized out>, rtld_fini=<optimized out>, 
    stack_end=0x7fffc9d48828) at ../csu/libc-start.c:344
344 ../csu/libc-start.c: No such file or directory.
(gdb) 