 
 gcc -g p5final.c
 ./a.out
enter the three numbers
57
89
304
304 is the largest of them all
 gdb a.out
GNU gdb (Ubuntu 8.1.1-0ubuntu1) 8.1.1
Copyright (C) 2018 Free Software Foundation, Inc.
License GPLv3+: GNU GPL version 3 or later <http://gnu.org/licenses/gpl.html>
This is free software: you are free to change and redistribute it.
There is NO WARRANTY, to the extent permitted by law.  Type "show copying"
and "show warranty" for details.
This GDB was configured as "x86_64-linux-gnu".
Type "show configuration" for configuration details.
For bug reporting instructions, please see:
<http://www.gnu.org/software/gdb/bugs/>.
Find the GDB manual and other documentation resources online at:
<http://www.gnu.org/software/gdb/documentation/>.
For help, type "help".
Type "apropos word" to search for commands related to "word"...
Reading symbols from a.out...done.
(gdb) b main
Breakpoint 1 at 0x80b: file p5final.c, line 33.
(gdb) r
Starting program: /home/runner/pps-test1-sanjanaraghupathi-2/a.out 
warning: Error disabling address space randomization: Operation not permitted

Breakpoint 1, main () at p5final.c:33
33  {
(gdb) n
35    input(&x,&y,&z);
(gdb) s
input (a=0x7ffd3b394a38, b=0x7ffd3b394a3c, c=0x7ffd3b394a40) at p5f
 
 gdb a.out
GNU gdb (Ubuntu 8.1.1-0ubuntu1) 8.1.1
Copyright (C) 2018 Free Software Foundation, Inc.
License GPLv3+: GNU GPL version 3 or later <http://gnu.org/licenses/gpl.html>
This is free software: you are free to change and redistribute it.
There is NO WARRANTY, to the extent permitted by law.  Type "show copying"
and "show warranty" for details.
This GDB was configured as "x86_64-linux-gnu".
Type "show configuration" for configuration details.
For bug reporting instructions, please see:
<http://www.gnu.org/software/gdb/bugs/>.
Find the GDB manual and other documentation resources online at:
<http://www.gnu.org/software/gdb/documentation/>.
For help, type "help".
Type "apropos word" to search for commands related to "word"...
Reading symbols from a.out...done.
(gdb) b main
Breakpoint 1 at 0x80b: file p5final.c, line 33.
(gdb) r
Starting program: /home/runner/pps-test1-sanjanaraghupathi-2/a.out 
warning: Error disabling address space randomization: Operation not permitted

Breakpoint 1, main () at p5final.c:33
33  {
(gdb) n
35    input(&x,&y,&z);
(gdb) s
input (a=0x7ffe62cf3d78, b=0x7ffe62cf3d7c, c=0x7ffe62cf3d80) at p5final.c:29
29    printf("enter the three numbers\n");
(gdb) n
enter the three numbers
30    scanf("%d %d %d",a,b,c);
(gdb) n
100
1000
10000
31  }
(gdb) n
main () at p5final.c:36
36    cmp(x,y,z,&large);
(gdb) s
cmp (a=100, b=1000, c=10000, large=0x7ffe62cf3d84) at p5final.c:4
4     if(a>b)
(gdb) s
17  if(b>c)
(gdb) s
23    *large=c;
(gdb) n
26  }
(gdb) n
main () at p5final.c:37
37    printf("%d is the largest of them all\n",large);
(gdb) n
10000 is the largest of them all
38    return 0;
(gdb) p x
$1 = 100
(gdb) p y
$2 = 1000
(gdb) p z
$3 = 10000
(gdb) p large
$4 = 10000
(gdb) n
39    }(gdb)